%!Adobe-FontList 1.13
%Locale:0x409

%BeginFont
Handler:DirectoryHandler
FontType:Type1
FontName:AJensonPro-It
FamilyName:Adobe Jenson Pro
StyleName:Italic
FullName:Adobe Jenson Pro Italic
MenuName:Adobe Jenson Pro
StyleBits:1
WritingScript:Roman
OutlineFileName:E:\My Documents\Pamphlets\svn\14.pillar\Document fonts\AJensonPro-It.otf
DataFormat:sfntData
UsesStandardEncoding:yes
isCFF:yes
FileLength:158744
FileModTime:1290606156
WeightClass:400
WidthClass:5
AngleClass:1
DesignSize:120
%EndFont

%BeginFont
Handler:DirectoryHandler
FontType:Type1
FontName:HelveticaNeue-Bold
FamilyName:Helvetica Neue
StyleName:75 Bold
FullName:Helvetica 75 Bold
MenuName:Helvetica 55
StyleBits:2
WritingScript:Roman
OutlineFileName:E:\My Documents\Pamphlets\svn\14.pillar\Document fonts\HLB____.PFB
DataFormat:Plain
UsesStandardEncoding:yes
isCFF:no
FileLength:28216
FileModTime:1290606156
WeightClass:700
WidthClass:5
AngleClass:0
DesignSize:-1
%EndFont

%BeginFont
Handler:DirectoryHandler
FontType:PFM
FontName:HelveticaNeue-Bold
NumMMAxes:0
OutlineFileName:E:\My Documents\Pamphlets\svn\14.pillar\Document fonts\HLB____.PFM
FileLength:1080
FileModTime:1290606156
%EndFont

%BeginFont
Handler:DirectoryHandler
FontType:Type1
FontName:HelveticaNeue-Heavy
FamilyName:Helvetica Neue
StyleName:85 Heavy
FullName:Helvetica 85 Heavy
MenuName:Helvetica 65
StyleBits:2
WritingScript:Roman
OutlineFileName:E:\My Documents\Pamphlets\svn\14.pillar\Document fonts\HLH____.PFB
DataFormat:Plain
UsesStandardEncoding:yes
isCFF:no
FileLength:29085
FileModTime:1290606156
WeightClass:850
WidthClass:5
AngleClass:0
DesignSize:-1
%EndFont

%BeginFont
Handler:DirectoryHandler
FontType:PFM
FontName:HelveticaNeue-Heavy
NumMMAxes:0
OutlineFileName:E:\My Documents\Pamphlets\svn\14.pillar\Document fonts\HLH____.PFM
FileLength:1093
FileModTime:1290606156
%EndFont

%BeginFont
Handler:DirectoryHandler
FontType:Type1
FontName:HelveticaNeue-LightItalic
FamilyName:Helvetica Neue
StyleName:46 Light Italic
FullName:Helvetica 46 Light Italic
MenuName:Helvetica 45
StyleBits:1
WritingScript:Roman
OutlineFileName:E:\My Documents\Pamphlets\svn\14.pillar\Document fonts\HLLI___.PFB
DataFormat:Plain
UsesStandardEncoding:yes
isCFF:no
FileLength:28374
FileModTime:1290606156
WeightClass:300
WidthClass:5
AngleClass:1
DesignSize:-1
%EndFont

%BeginFont
Handler:DirectoryHandler
FontType:PFM
FontName:HelveticaNeue-LightItalic
NumMMAxes:0
OutlineFileName:E:\My Documents\Pamphlets\svn\14.pillar\Document fonts\HLLI___.PFM
FileLength:1059
FileModTime:1290606156
%EndFont

%BeginFont
Handler:DirectoryHandler
FontType:Type1
FontName:HelveticaNeue-Light
FamilyName:Helvetica Neue
StyleName:45 Light
FullName:Helvetica 45 Light
MenuName:Helvetica 45
StyleBits:0
WritingScript:Roman
OutlineFileName:E:\My Documents\Pamphlets\svn\14.pillar\Document fonts\HLL____.PFB
DataFormat:Plain
UsesStandardEncoding:yes
isCFF:no
FileLength:27999
FileModTime:1290606156
WeightClass:300
WidthClass:5
AngleClass:0
DesignSize:-1
%EndFont

%BeginFont
Handler:DirectoryHandler
FontType:PFM
FontName:HelveticaNeue-Light
NumMMAxes:0
OutlineFileName:E:\My Documents\Pamphlets\svn\14.pillar\Document fonts\HLL____.PFM
FileLength:1093
FileModTime:1290606156
%EndFont

%BeginFont
Handler:DirectoryHandler
FontType:Type1
FontName:HelveticaNeue-MediumItalic
FamilyName:Helvetica Neue
StyleName:66 Medium Italic
FullName:Helvetica 66 Medium Italic
MenuName:Helvetica 65
StyleBits:1
WritingScript:Roman
OutlineFileName:E:\My Documents\Pamphlets\svn\14.pillar\Document fonts\HLMI___.PFB
DataFormat:Plain
UsesStandardEncoding:yes
isCFF:no
FileLength:28855
FileModTime:1290606156
WeightClass:500
WidthClass:5
AngleClass:1
DesignSize:-1
%EndFont

%BeginFont
Handler:DirectoryHandler
FontType:PFM
FontName:HelveticaNeue-MediumItalic
NumMMAxes:0
OutlineFileName:E:\My Documents\Pamphlets\svn\14.pillar\Document fonts\HLMI___.PFM
FileLength:1056
FileModTime:1290606156
%EndFont

%BeginFont
Handler:DirectoryHandler
FontType:Type1
FontName:HelveticaNeue-Roman
FamilyName:Helvetica Neue
StyleName:55 Roman
FullName:Helvetica 55 Roman
MenuName:Helvetica 55
StyleBits:0
WritingScript:Roman
OutlineFileName:E:\My Documents\Pamphlets\svn\14.pillar\Document fonts\HLR____.PFB
DataFormat:Plain
UsesStandardEncoding:yes
isCFF:no
FileLength:27176
FileModTime:1290606156
WeightClass:400
WidthClass:5
AngleClass:0
DesignSize:-1
%EndFont

%BeginFont
Handler:DirectoryHandler
FontType:PFM
FontName:HelveticaNeue-Roman
NumMMAxes:0
OutlineFileName:E:\My Documents\Pamphlets\svn\14.pillar\Document fonts\HLR____.PFM
FileLength:1085
FileModTime:1290606156
%EndFont

%BeginFont
Handler:DirectoryHandler
FontType:Type1
FontName:HelveticaNeue-Thin
FamilyName:Helvetica Neue
StyleName:35 Thin
FullName:Helvetica 35 Thin
MenuName:Helvetica 35
StyleBits:0
WritingScript:Roman
OutlineFileName:E:\My Documents\Pamphlets\svn\14.pillar\Document fonts\HLT____.PFB
DataFormat:Plain
UsesStandardEncoding:yes
isCFF:no
FileLength:29157
FileModTime:1290606156
WeightClass:200
WidthClass:5
AngleClass:0
DesignSize:-1
%EndFont

%BeginFont
Handler:DirectoryHandler
FontType:PFM
FontName:HelveticaNeue-Thin
NumMMAxes:0
OutlineFileName:E:\My Documents\Pamphlets\svn\14.pillar\Document fonts\HLT____.PFM
FileLength:1036
FileModTime:1290606156
%EndFont

%BeginFont
Handler:DirectoryHandler
FontType:TrueType
FontName:Humanist521BT-Roman
FamilyName:Humanst521 BT
StyleName:Roman
FullName:Humanist 521 BT
MenuName:Humanst521 BT
StyleBits:0
WritingScript:Roman
OutlineFileName:E:\My Documents\Pamphlets\svn\14.pillar\Document fonts\hum521n (2).TTF
DataFormat:sfntData
FileLength:38124
FileModTime:1290606156
WeightClass:400
WidthClass:5
AngleClass:0
%EndFont

